[    0.000000] Initializing cgroup subsys cpuset
[    0.000000] Initializing cgroup subsys cpu
[    0.000000] Initializing cgroup subsys cpuacct
[    0.000000] Linux version 4.4.0-70-generic (buildd@lgw01-13) (gcc version 5.4.0 20160609 (Ubuntu 5.4.0-6ubuntu1~16.04.4) ) #91-Ubuntu SMP Wed Mar 22 12:47:43 UTC 2017 (Ubuntu 4.4.0-70.91-generic 4.4.49)
[    0.000000] Command line: BOOT_IMAGE=/boot/vmlinuz-4.4.0-70-generic root=LABEL=cloudimg-rootfs ro console=tty1 console=ttyS0
[    0.000000] KERNEL supported cpus:
[    0.000000]   Intel GenuineIntel
[    0.000000]   AMD AuthenticAMD
[    0.000000]   Centaur CentaurHauls
[    0.000000] x86/fpu: xstate_offset[2]:  576, xstate_sizes[2]:  256
[    0.000000] x86/fpu: Supporting XSAVE feature 0x01: 'x87 floating point registers'
[    0.000000] x86/fpu: Supporting XSAVE feature 0x02: 'SSE registers'
[    0.000000] x86/fpu: Supporting XSAVE feature 0x04: 'AVX registers'
[    0.000000] x86/fpu: Enabled xstate features 0x7, context size is 832 bytes, using 'standard' format.
[    0.000000] x86/fpu: Using 'lazy' FPU context switches.
[    0.000000] e820: BIOS-provided physical RAM map:
[    0.000000] BIOS-e820: [mem 0x0000000000000000-0x000000000009fbff] usable
[    0.000000] BIOS-e820: [mem 0x000000000009fc00-0x000000000009ffff] reserved
[    0.000000] BIOS-e820: [mem 0x00000000000f0000-0x00000000000fffff] reserved
[    0.000000] BIOS-e820: [mem 0x0000000000100000-0x000000003ffeffff] usable
[    0.000000] BIOS-e820: [mem 0x000000003fff0000-0x000000003fffffff] ACPI data
[    0.000000] BIOS-e820: [mem 0x00000000fec00000-0x00000000fec00fff] reserved
[    0.000000] BIOS-e820: [mem 0x00000000fee00000-0x00000000fee00fff] reserved
[    0.000000] BIOS-e820: [mem 0x00000000fffc0000-0x00000000ffffffff] reserved
[    0.000000] NX (Execute Disable) protection: active
[    0.000000] SMBIOS 2.5 present.
[    0.000000] Hypervisor detected: KVM
[    0.000000] e820: last_pfn = 0x3fff0 max_arch_pfn = 0x400000000
[    0.000000] MTRR: Disabled
[    0.000000] x86/PAT: MTRRs disabled, skipping PAT initialization too.
[    0.000000] x86/PAT: Configuration [0-7]: WB  WT  UC- UC  WB  WT  UC- UC  
[    0.000000] CPU MTRRs all blank - virtualized system.
[    0.000000] found SMP MP-table at [mem 0x0009fff0-0x0009ffff] mapped at [ffff88000009fff0]
[    0.000000] Scanning 1 areas for low memory corruption
[    0.000000] RAMDISK: [mem 0x36b0a000-0x3757cfff]
[    0.000000] ACPI: Early table checksum verification disabled
[    0.000000] ACPI: RSDP 0x00000000000E0000 000024 (v02 VBOX  )
[    0.000000] ACPI: XSDT 0x000000003FFF0030 00003C (v01 VBOX   VBOXXSDT 00000001 ASL  00000061)
[    0.000000] ACPI: FACP 0x000000003FFF00F0 0000F4 (v04 VBOX   VBOXFACP 00000001 ASL  00000061)
[    0.000000] ACPI: DSDT 0x000000003FFF0470 0021C8 (v02 VBOX   VBOXBIOS 00000002 INTL 20100528)
[    0.000000] ACPI: FACS 0x000000003FFF0200 000040
[    0.000000] ACPI: FACS 0x000000003FFF0200 000040
[    0.000000] ACPI: APIC 0x000000003FFF0240 00005C (v02 VBOX   VBOXAPIC 00000001 ASL  00000061)
[    0.000000] ACPI: SSDT 0x000000003FFF02A0 0001CC (v01 VBOX   VBOXCPUT 00000002 INTL 20100528)
[    0.000000] No NUMA configuration found
[    0.000000] Faking a node at [mem 0x0000000000000000-0x000000003ffeffff]
[    0.000000] NODE_DATA(0) allocated [mem 0x3ffeb000-0x3ffeffff]
[    0.000000] kvm-clock: Using msrs 4b564d01 and 4b564d00
[    0.000000] kvm-clock: cpu 0, msr 0:3ffe3001, primary cpu clock
[    0.000000] kvm-clock: using sched offset of 2945813230 cycles
[    0.000000] clocksource: kvm-clock: mask: 0xffffffffffffffff max_cycles: 0x1cd42e4dffb, max_idle_ns: 881590591483 ns
[    0.000000] Zone ranges:
[    0.000000]   DMA      [mem 0x0000000000001000-0x0000000000ffffff]
[    0.000000]   DMA32    [mem 0x0000000001000000-0x000000003ffeffff]
[    0.000000]   Normal   empty
[    0.000000]   Device   empty
[    0.000000] Movable zone start for each node
[    0.000000] Early memory node ranges
[    0.000000]   node   0: [mem 0x0000000000001000-0x000000000009efff]
[    0.000000]   node   0: [mem 0x0000000000100000-0x000000003ffeffff]
[    0.000000] Initmem setup node 0 [mem 0x0000000000001000-0x000000003ffeffff]
[    0.000000] ACPI: PM-Timer IO Port: 0x4008
[    0.000000] IOAPIC[0]: apic_id 2, version 32, address 0xfec00000, GSI 0-23
[    0.000000] ACPI: INT_SRC_OVR (bus 0 bus_irq 0 global_irq 2 dfl dfl)
[    0.000000] ACPI: INT_SRC_OVR (bus 0 bus_irq 9 global_irq 9 high level)
[    0.000000] Using ACPI (MADT) for SMP configuration information
[    0.000000] smpboot: Allowing 2 CPUs, 0 hotplug CPUs
[    0.000000] PM: Registered nosave memory: [mem 0x00000000-0x00000fff]
[    0.000000] PM: Registered nosave memory: [mem 0x0009f000-0x0009ffff]
[    0.000000] PM: Registered nosave memory: [mem 0x000a0000-0x000effff]
[    0.000000] PM: Registered nosave memory: [mem 0x000f0000-0x000fffff]
[    0.000000] e820: [mem 0x40000000-0xfebfffff] available for PCI devices
[    0.000000] Booting paravirtualized kernel on KVM
[    0.000000] clocksource: refined-jiffies: mask: 0xffffffff max_cycles: 0xffffffff, max_idle_ns: 7645519600211568 ns
[    0.000000] setup_percpu: NR_CPUS:512 nr_cpumask_bits:512 nr_cpu_ids:2 nr_node_ids:1
[    0.000000] PERCPU: Embedded 33 pages/cpu @ffff88003fc00000 s98264 r8192 d28712 u1048576
[    0.000000] PV qspinlock hash table entries: 256 (order: 0, 4096 bytes)
[    0.000000] Built 1 zonelists in Node order, mobility grouping on.  Total pages: 257913
[    0.000000] Policy zone: DMA32
[    0.000000] Kernel command line: BOOT_IMAGE=/boot/vmlinuz-4.4.0-70-generic root=LABEL=cloudimg-rootfs ro console=tty1 console=ttyS0
[    0.000000] PID hash table entries: 4096 (order: 3, 32768 bytes)
[    0.000000] Memory: 1001880K/1048120K available (8452K kernel code, 1293K rwdata, 3976K rodata, 1484K init, 1316K bss, 46240K reserved, 0K cma-reserved)
[    0.000000] SLUB: HWalign=64, Order=0-3, MinObjects=0, CPUs=2, Nodes=1
[    0.000000] Hierarchical RCU implementation.
[    0.000000] 	Build-time adjustment of leaf fanout to 64.
[    0.000000] 	RCU restricting CPUs from NR_CPUS=512 to nr_cpu_ids=2.
[    0.000000] RCU: Adjusting geometry for rcu_fanout_leaf=64, nr_cpu_ids=2
[    0.000000] NR_IRQS:33024 nr_irqs:440 16
[    0.000000] Console: colour VGA+ 80x25
[    0.000000] console [tty1] enabled
[    0.000000] console [ttyS0] enabled
[    0.000000] tsc: Detected 2494.226 MHz processor
[   10.701799] Calibrating delay loop (skipped) preset value.. 4988.45 BogoMIPS (lpj=9976904)
[   10.854902] pid_max: default: 32768 minimum: 301
[   10.955812] ACPI: Core revision 20150930
[   11.043313] ACPI: 2 ACPI AML tables successfully acquired and loaded
[   11.193550] Security Framework initialized
[   11.270180] Yama: becoming mindful.
[   11.337876] AppArmor: AppArmor initialized
[   11.385041] Dentry cache hash table entries: 131072 (order: 8, 1048576 bytes)
[   11.474664] Inode-cache hash table entries: 65536 (order: 7, 524288 bytes)
[   11.562249] Mount-cache hash table entries: 2048 (order: 2, 16384 bytes)
[   11.668109] Mountpoint-cache hash table entries: 2048 (order: 2, 16384 bytes)
[   11.718596] Initializing cgroup subsys io
[   11.774652] Initializing cgroup subsys memory
[   11.852039] Initializing cgroup subsys devices
[   11.920874] Initializing cgroup subsys freezer
[   11.990915] Initializing cgroup subsys net_cls
[   12.046655] Initializing cgroup subsys perf_event
[   12.127590] Initializing cgroup subsys net_prio
[   12.160212] Initializing cgroup subsys hugetlb
[   12.161013] Initializing cgroup subsys pids
[   12.230719] CPU: Physical Processor ID: 0
[   12.316754] CPU: Processor Core ID: 0
[   12.389060] mce: CPU supports 0 MCE banks
[   12.478176] Last level iTLB entries: 4KB 1024, 2MB 1024, 4MB 1024
[   12.531811] Last level dTLB entries: 4KB 1024, 2MB 1024, 4MB 1024, 1GB 4
[   12.536694] Freeing SMP alternatives memory: 32K (ffffffff820b8000 - ffffffff820c0000)
[   12.706362] ftrace: allocating 32111 entries in 126 pages
[   12.802215] smpboot: APIC(0) Converting physical 0 to logical package 0
[   12.923135] smpboot: Max logical packages: 1
[   12.998488] x2apic enabled
[   13.054777] Switched APIC routing to physical x2apic.
[   13.136012] ..TIMER: vector=0x30 apic1=0 pin1=2 apic2=-1 pin2=-1
[   13.390283] smpboot: CPU0: Intel(R) Core(TM) i7-4870HQ CPU @ 2.50GHz (family: 0x6, model: 0x46, stepping: 0x1)
[   13.427417] Performance Events: unsupported p6 CPU model 70 no PMU driver, software events only.
[   13.429028] KVM setup paravirtual spinlock
[   13.430339] x86: Booting SMP configuration:
[   13.496459] .... node  #0, CPUs:      #1
[   13.571816] kvm-clock: cpu 1, msr 0:3ffe3041, secondary cpu clock
[   13.598177] mce: CPU supports 0 MCE banks
[   13.623356] x86: Booted up 1 node, 2 CPUs
[   13.648111] smpboot: Total of 2 processors activated (9976.90 BogoMIPS)
[   13.828276] devtmpfs: initialized
[   13.900293] evm: security.selinux
[   13.971830] evm: security.SMACK64
[   14.028556] evm: security.SMACK64EXEC
[   14.100149] evm: security.SMACK64TRANSMUTE
[   14.164087] evm: security.SMACK64MMAP
[   14.236370] evm: security.ima
[   14.310011] evm: security.capability
[   14.382181] clocksource: jiffies: mask: 0xffffffff max_cycles: 0xffffffff, max_idle_ns: 7645041785100000 ns
[   14.579347] pinctrl core: initialized pinctrl subsystem
[   14.689044] RTC time: 18:52:18, date: 03/28/17
[   14.730911] NET: Registered protocol family 16
[   14.839106] cpuidle: using governor ladder
[   14.959578] cpuidle: using governor menu
[   15.057897] PCCT header not found.
[   15.150749] ACPI: bus type PCI registered
[   15.234543] acpiphp: ACPI Hot Plug PCI Controller Driver version: 0.5
[   15.388312] PCI: Using configuration type 1 for base access
[   15.523905] ACPI: Added _OSI(Module Device)
[   15.618087] ACPI: Added _OSI(Processor Device)
[   15.719645] ACPI: Added _OSI(3.0 _SCP Extensions)
[   15.799146] ACPI: Added _OSI(Processor Aggregator Device)
[   15.862974] ACPI: Executed 1 blocks of module-level executable AML code
[   16.023880] ACPI: Interpreter enabled
[   16.081974] ACPI: (supports S0 S5)
[   16.150241] ACPI: Using IOAPIC for interrupt routing
[   16.264294] PCI: Using host bridge windows from ACPI; if necessary, use "pci=nocrs" and report a bug
[   16.496889] ACPI: PCI Root Bridge [PCI0] (domain 0000 [bus 00-ff])
[   16.651152] acpi PNP0A03:00: _OSC: OS supports [ASPM ClockPM Segments MSI]
[   16.825587] acpi PNP0A03:00: _OSC failed (AE_NOT_FOUND); disabling ASPM
[   16.908479] acpi PNP0A03:00: fail to add MMCONFIG information, can't access extended PCI configuration space under this bridge.
[   16.922027] PCI host bridge to bus 0000:00
[   16.922696] pci_bus 0000:00: root bus resource [io  0x0000-0x0cf7 window]
[   16.923665] pci_bus 0000:00: root bus resource [io  0x0d00-0xffff window]
[   16.924684] pci_bus 0000:00: root bus resource [mem 0x000a0000-0x000bffff window]
[   16.925841] pci_bus 0000:00: root bus resource [mem 0x40000000-0xffdfffff window]
[   16.927024] pci_bus 0000:00: root bus resource [bus 00-ff]
[   16.929164] pci 0000:00:01.1: legacy IDE quirk: reg 0x10: [io  0x01f0-0x01f7]
[   16.930134] pci 0000:00:01.1: legacy IDE quirk: reg 0x14: [io  0x03f6]
[   16.931035] pci 0000:00:01.1: legacy IDE quirk: reg 0x18: [io  0x0170-0x0177]
[   17.084924] pci 0000:00:01.1: legacy IDE quirk: reg 0x1c: [io  0x0376]
[   17.245821] pci 0000:00:07.0: quirk: [io  0x4000-0x403f] claimed by PIIX4 ACPI
[   17.404840] pci 0000:00:07.0: quirk: [io  0x4100-0x410f] claimed by PIIX4 SMB
[   17.580478] ACPI: PCI Interrupt Link [LNKA] (IRQs 5 9 10 *11)
[   17.716279] ACPI: PCI Interrupt Link [LNKB] (IRQs 5 9 10 *11)
[   17.856479] ACPI: PCI Interrupt Link [LNKC] (IRQs 5 9 *10 11)
[   17.956963] ACPI: PCI Interrupt Link [LNKD] (IRQs 5 *9 10 11)
[   17.999089] ACPI: Enabled 2 GPEs in block 00 to 07
[   18.044348] vgaarb: setting as boot device: PCI:0000:00:02.0
[   18.197001] vgaarb: device added: PCI:0000:00:02.0,decodes=io+mem,owns=io+mem,locks=none
[   18.366666] vgaarb: loaded
[   18.430983] vgaarb: bridge control possible 0000:00:02.0
[   18.555177] SCSI subsystem initialized
[   18.658407] ACPI: bus type USB registered
[   18.755511] usbcore: registered new interface driver usbfs
[   18.862257] usbcore: registered new interface driver hub
[   18.916685] usbcore: registered new device driver usb
[   18.955409] PCI: Using ACPI for IRQ routing
[   19.042560] NetLabel: Initializing
[   19.087827] NetLabel:  domain hash size = 128
[   19.109589] NetLabel:  protocols = UNLABELED CIPSOv4
[   19.110414] NetLabel:  unlabeled traffic allowed by default
[   19.111395] amd_nb: Cannot enumerate AMD northbridges
[   19.185816] clocksource: Switched to clocksource kvm-clock
[   19.347575] AppArmor: AppArmor Filesystem Enabled
[   19.474701] pnp: PnP ACPI init
[   19.555629] pnp: PnP ACPI: found 3 devices
[   19.676481] clocksource: acpi_pm: mask: 0xffffff max_cycles: 0xffffff, max_idle_ns: 2085701024 ns
[   19.930829] NET: Registered protocol family 2
[   20.046857] TCP established hash table entries: 8192 (order: 4, 65536 bytes)
[   20.221945] TCP bind hash table entries: 8192 (order: 5, 131072 bytes)
[   20.368557] TCP: Hash tables configured (established 8192 bind 8192)
[   20.557606] UDP hash table entries: 512 (order: 2, 16384 bytes)
[   20.718322] UDP-Lite hash table entries: 512 (order: 2, 16384 bytes)
[   20.874525] NET: Registered protocol family 1
[   21.001707] pci 0000:00:00.0: Limiting direct PCI/PCI transfers
[   21.176201] pci 0000:00:01.0: Activating ISA DMA hang workarounds
[   21.327312] Unpacking initramfs...
[   22.928030] Freeing initrd memory: 10700K (ffff880036b0a000 - ffff88003757d000)
[   23.002553] platform rtc_cmos: registered platform RTC device (no PNP device found)
[   23.117604] Scanning for low memory corruption every 60 seconds
[   23.280464] futex hash table entries: 512 (order: 3, 32768 bytes)
[   23.479834] audit: initializing netlink subsys (disabled)
[   23.503778] audit: type=2000 audit(1490727133.810:1): initialized
[   23.504932] Initialise system trusted keyring
[   23.505888] HugeTLB registered 2 MB page size, pre-allocated 0 pages
[   23.507870] zbud: loaded
[   23.508650] VFS: Disk quotas dquot_6.6.0
[   23.535550] VFS: Dquot-cache hash table entries: 512 (order 0, 4096 bytes)
[   23.630142] squashfs: version 4.0 (2009/01/31) Phillip Lougher
[   23.842469] fuse init (API version 7.23)
[   24.003937] tsc: Refined TSC clocksource calibration: 2492.534 HHz
[   24.003939] clocksource: tsc: mask: 0xffffffffffffffff maxccccles: 0x23edacf48cd, max_idle_ns: 440795292280 ns
[   24.565079] Key type big_key registered
[   24.582456] Allocating IMA MOK and blacklist keyrings.
[   24.620558] Key type asymmetric registered
[   24.693863] Asymmetric key parser 'x509' registered
[   24.893998] Block layer SCSI generic (bsg) driver version 0.4 loaded (major 249)
[   25.282259] io scheduler noop registered
[   25.427379] io scheduler deadline registered (default)
[   25.569475] io scheduler cfq registered
[   25.638974] pci_hotplug: PCI Hot Plug PCI Core version: 0.5
[   25.683050] pciehp: PCI Express Hot Plug Controller Driver version: 0.4
[   25.864710] ACPI: AC Adapter [AC] (on-line)
[   26.019077] input: Power Button as /devices/LNXSYSTM:00/LNXPWRBN:00/input/input0
[   26.332138] ACPI: Power Button [PWRF]
[   26.481808] input: Sleep Button as /devices/LNXSYSTM:00/LNXSLPBN:00/input/input1
[   26.735490] ACPI: Sleep Button [SLPF]
[   26.749322] ACPI: Battery Slot [BAT0] (battery present)
[   26.775609] GHES: HEST is not enabled!
[   26.852315] Serial: 8250/16550 driver, 32 ports, IRQ sharing enabled
ÿ[   27.208679] 00:02: ttyS0 at I/O 0x3f8 (irq = 4, base_baud = 115200) is a 16550A
[   27.565845] Linux agpgart interface v0.103
[   27.705379] loop: module loaded
[   27.793011] scsi host0: ata_piix
[   27.842665] scsi host1: ata_piix
[   27.852271] ata1: PATA max UDMA/33 cmd 0x1f0 ctl 0x3f6 bmdma 0xd000 irq 14
[   27.870853] ata2: PATA max UDMA/33 cmd 0x170 ctl 0x376 bmdma 0xd008 irq 15
[   27.900081] libphy: Fixed MDIO Bus: probed
[   27.911840] tun: Universal TUN/TAP device driver, 1.6
[   27.970906] tun: (C) 1999-2004 Max Krasnyansky <maxk@qualcomm.com>
[   28.039053] PPP generic driver version 2.4.2
[   28.137448] ehci_hcd: USB 2.0 'Enhanced' Host Controller (EHCI) Driver
[   28.394171] ehci-pci: EHCI PCI platform driver
[   28.513312] ehci-platform: EHCI generic platform driver
[   28.665875] ohci_hcd: USB 1.1 'Open' Host Controller (OHCI) Driver
[   28.825499] ohci-pci: OHCI PCI platform driver
[   28.914593] ohci-platform: OHCI generic platform driver
[   28.946151] uhci_hcd: USB Universal Host Controller Interface driver
[   28.985516] i8042: PNP: PS/2 Controller [PNP0303:PS2K,PNP0f03:PS2M] at 0x60,0x64 irq 1,12
[   29.076755] serio: i8042 KBD port at 0x60,0x64 irq 1
[   29.132172] serio: i8042 AUX port at 0x60,0x64 irq 12
[   29.152593] mousedev: PS/2 mouse device common for all mice
[   29.245182] rtc_cmos rtc_cmos: rtc core: registered rtc_cmos as rtc0
[   29.287708] rtc_cmos rtc_cmos: alarms up to one day, 114 bytes nvram
[   29.309231] i2c /dev entries driver
[   29.319040] input: AT Translated Set 2 keyboard as /devices/platform/i8042/serio0/input/input2
[   29.319100] device-mapper: uevent: version 1.0.3
[   29.338235] device-mapper: ioctl: 4.34.0-ioctl (2015-10-28) initialised: dm-devel@redhat.com
[   29.338263] ledtrig-cpu: registered to indicate activity on CPUs
[   29.338568] NET: Registered protocol family 10
[   29.338724] NET: Registered protocol family 17
[   29.338735] Key type dns_resolver registered
[   29.338882] microcode: CPU0 sig=0x40661, pf=0x40, revision=0x0
[   29.339470] microcode: CPU1 sig=0x40661, pf=0x40, revision=0x0
[   29.339526] microcode: Microcode Update Driver: v2.01 <tigran@aivazian.fsnet.co.uk>, Peter Oruba
[   29.339654] registered taskstats version 1
[   29.339665] Loading compiled-in X.509 certificates
[   29.340250] Loaded X.509 cert 'Build time autogenerated kernel key: a4cff54e0cc9179d8dcdcbb195a5dba42f5df569'
[   29.340269] zswap: loaded using pool lzo/zbud
[   29.341491] Key type trusted registered
[   29.343403] Key type encrypted registered
[   29.343408] AppArmor: AppArmor sha1 policy hashing enabled
[   29.343410] ima: No TPM chip found, activating TPM-bypass!
[   29.343426] evm: HMAC attrs: 0x1
[   29.343688]   Magic number: 9:335:899
[   29.344692] rtc_cmos rtc_cmos: setting system clock to 2017-03-28 18:52:33 UTC (1490727153)
[   29.344758] BIOS EDD facility v0.16 2004-Jun-25, 0 devices found
[   29.344758] EDD information not available.
[   31.767073] Freeing unused kernel memory: 1484K (ffffffff81f45000 - ffffffff820b8000)
[   31.980314] Write protecting the kernel read-only data: 14336k
[   32.129646] Freeing unused kernel memory: 1776K (ffff880001844000 - ffff880001a00000)
[   32.261540] Freeing unused kernel memory: 120K (ffff880001de2000 - ffff880001e00000)
Loading, please [   32.385436] random: systemd-udevd: uninitialized urandom read (16 bytes read, 4 bits of entropy available)
wait...
startin[   32.385934] random: udevadm: uninitialized urandom read (16 bytes read, 4 bits of entropy available)
g version 229
[   32.385962] random: udevadm: uninitialized urandom read (16 bytes read, 4 bits of entropy available)
[   32.386056] random: udevadm: uninitialized urandom read (16 bytes read, 4 bits of entropy available)
[   32.386089] random: udevadm: uninitialized urandom read (16 bytes read, 4 bits of entropy available)
[   32.386121] random: udevadm: uninitialized urandom read (16 bytes read, 4 bits of entropy available)
[   32.386155] random: udevadm: uninitialized urandom read (16 bytes read, 4 bits of entropy available)
[   32.386185] random: udevadm: uninitialized urandom read (16 bytes read, 4 bits of entropy available)
[   32.386214] random: udevadm: uninitialized urandom read (16 bytes read, 4 bits of entropy available)
[   32.386280] random: udevadm: uninitialized urandom read (16 bytes read, 4 bits of entropy available)
[   34.577120] e1000: Intel(R) PRO/1000 Network Driver - version 7.3.21-k8-NAPI
[   34.766236] e1000: Copyright (c) 1999-2006 Intel Corporation.
[   34.971577] Fusion MPT base driver 3.04.20
[   35.106037] Copyright (c) 1999-2008 LSI Corporation
[   35.327017] Fusion MPT SPI Host driver 3.04.20
[   35.395820] AVX version of gcm_enc/dec engaged.
[   35.510821] AES CTR mode by8 optimization enabled
[   35.698254] e1000 0000:00:03.0 eth0: (PCI:33MHz:32-bit) 02:c3:5d:84:7e:20
[   35.857633] e1000 0000:00:03.0 eth0: Intel(R) PRO/1000 Network Connection
[   36.040899] mptbase: ioc0: Initiating bringup
[   36.162348] input: ImExPS/2 Generic Explorer Mouse as /devices/platform/i8042/serio1/input/input4
[   36.222794] ioc0: LSI53C1030 A0: Capabilities={Initiator}
[   36.430559] scsi host2: ioc0: LSI53C1030 A0, FwRev=00000000h, Ports=1, MaxQ=256, IRQ=20
[   36.547888] scsi 2:0:0:0: Direct-Access     VBOX     HARDDISK         1.0  PQ: 0 ANSI: 5
[   36.547895] scsi target2:0:0: Beginning Domain Validation
[   36.549477] scsi target2:0:0: Domain Validation skipping write tests
[   36.549477] scsi target2:0:0: Ending Domain Validation
[   36.549507] scsi target2:0:0: asynchronous
[   36.549718] scsi 2:0:1:0: Direct-Access     VBOX     HARDDISK         1.0  PQ: 0 ANSI: 5
[   36.549720] scsi target2:0:1: Beginning Domain Validation
[   36.550272] scsi target2:0:1: Domain Validation skipping write tests
[   36.550273] scsi target2:0:1: Ending Domain Validation
[   36.550302] scsi target2:0:1: asynchronous
[   36.893578] e1000 0000:00:08.0 eth1: (PCI:33MHz:32-bit) 08:00:27:11:e2:eb
[   36.893580] e1000 0000:00:08.0 eth1: Intel(R) PRO/1000 Network Connection
[   37.110000] e1000 0000:00:03.0 enp0s3: renamed from eth0
[   37.679104] sd 2:0:0:0: Attached scsi generic sg0 type 0
[   37.695588] sd 2:0:0:0: [sda] 20971520 512-byte logical blocks: (10.7 GB/10.0 GiB)
[   37.755991] e1000 0000:00:08.0 enp0s8: renamed from eth1
[   37.756771] sd 2:0:0:0: [sda] Write Protect is off
[   37.756874] sd 2:0:0:0: [sda] Incomplete mode parameter data
[   37.756875] sd 2:0:0:0: [sda] Assuming drive cache: write through
[   37.862998] sd 2:0:1:0: Attached scsi generic sg1 type 0
[   37.863184]  sda: sda1
[   37.863534] sd 2:0:1:0: [sdb] 20480 512-byte logical blocks: (10.5 MB/10.0 MiB)
[   37.863777] sd 2:0:1:0: [sdb] Write Protect is off
[   37.863888] sd 2:0:1:0: [sdb] Incomplete mode parameter data
[   37.863889] sd 2:0:1:0: [sdb] Assuming drive cache: write through
[   37.863921] sd 2:0:0:0: [sda] Attached SCSI disk
[   37.865306] sd 2:0:1:0: [sdb] Attached SCSI disk
[   38.238428] floppy0: no floppy controllers found
[   38.238471] work still pending
Begin: Loading e[   40.474536] md: linear personality registered for level -1
ssential drivers[   40.626345] md: multipath personality registered for level -4
 ... [   40.693496] md: raid0 personality registered for level 0
[   40.696716] md: raid1 personality registered for level 1
[   40.877913] raid6: sse2x1   gen() 10629 MB/s
[   41.049967] raid6: sse2x1   xor()  7547 MB/s
[   41.190019] raid6: sse2x2   gen() 12712 MB/s
[   41.357999] raid6: sse2x2   xor()  9587 MB/s
[   41.533981] raid6: sse2x4   gen() 16014 MB/s
[   41.725826] raid6: sse2x4   xor() 10396 MB/s
[   41.814455] raid6: using algorithm sse2x4 gen() 16014 MB/s
[   41.932927] raid6: .... xor() 10396 MB/s, rmw enabled
[   42.045024] raid6: using ssse3x2 recovery algorithm
[   42.121163] xor: automatically using best checksumming function:
[   42.177942]    avx       : 28386.000 MB/sec
[   42.283314] async_tx: api initialized (async)
[   42.390057] md: raid6 personality registered for level 6
[   42.510731] md: raid5 personality registered for level 5
[   42.637745] md: raid4 personality registered for level 4
[   42.771089] md: raid10 personality registered for level 10
done.
Begin: Running /scripts/i[   42.943957] Btrfs loaded
nit-premount ... done.
Begin: Mounting root file system ... Begin: Running /scripts/local-top ... done.
Begin: Running /scripts/local-premount ... Scanning fo[   43.029540] EXT4-fs (sda1): mounted filesystem with ordered data mode. Opts: (null)
r Btrfs filesystems
done.
Warning: fsck not present, so skipping root file system
done.
Begin: Running /scripts/local-bottom ... done.
Begin: Running /scripts/init-bottom ... done.
[   43.200725] systemd[1]: systemd 229 running in system mode. (+PAM +AUDIT +SELINUX +IMA +APPARMOR +SMACK +SYSVINIT +UTMP +LIBCRYPTSETUP +GCRYPT +GNUTLS +ACL +XZ -LZ4 +SECCOMP +BLKID +ELFUTILS +KMOD -IDN)
[   43.522510] systemd[1]: Detected virtualization oracle.
[   43.653651] systemd[1]: Detected architecture x86-64.

Welcome to [1mUbuntu 16.04.2 LTS[0m!

[   43.834985] systemd[1]: Set hostname to <ubuntu>.
[   43.966865] systemd[1]: Initializing machine ID from random generator.
[   44.135785] systemd[1]: Installed transient /etc/machine-id file.
[   44.377587] systemd[1]: Listening on /dev/initctl Compatibility Named Pipe.
[[0;32m  OK  [0m] Listening on /dev/initctl Compatibility Named Pipe.
[   44.380920] systemd[1]: Reached target User and Group Name Lookups.
[[0;32m  OK  [0m] Reached target User and Group Name Lookups.
[   44.382939] systemd[1]: Listening on udev Kernel Socket.
[[0;32m  OK  [0m] Listening on udev Kernel Socket.
[   44.384700] systemd[1]: Listening on Journal Socket (/dev/log).
[[0;32m  OK  [0m] Listening on Journal Socket (/dev/log).
[   44.386783] systemd[1]: Set up automount Arbitrary Executable File Formats File System Automount Point.
[[0;32m  OK  [0m] Set up automount Arbitrary Executab...ats File System Automount Point.
[   44.389555] systemd[1]: Listening on Journal Socket.
[[0;32m  OK  [0m] Listening on Journal Socket.
[   44.391304] systemd[1]: Listening on LVM2 poll daemon socket.
[[0;32m  OK  [0m] Listening on LVM2 poll daemon socket.
[   44.530953] systemd[1]: Listening on Syslog Socket.
[[0;32m  OK  [0m] Listening on Syslog Socket.
[   44.726683] systemd[1]: Reached target Encrypted Volumes.
[[0;32m  OK  [0m] Reached target Encrypted Volumes.
[   44.926701] systemd[1]: Created slice User and Session Slice.
[[0;32m  OK  [0m] Created slice User and Session Slice.
[   45.130397] systemd[1]: Listening on Journal Audit Socket.
[[0;32m  OK  [0m] Listening on Journal Audit Socket.
[   45.294340] systemd[1]: Listening on LVM2 metadata daemon socket.
[[0;32m  OK  [0m] Listening on LVM2 metadata daemon socket.
[   45.470764] systemd[1]: Reached target Swap.
[[0;32m  OK  [0m] Reached target Swap.
[   45.626786] systemd[1]: Started Forward Password Requests to Wall Directory Watch.
[[0;32m  OK  [0m] Started Forward Password Requests to Wall Directory Watch.
[   45.895093] systemd[1]: Created slice System Slice.
[[0;32m  OK  [0m] Created slice System Slice.
[   46.094351] systemd[1]: Starting Create list of required static device nodes for the current kernel...
         Starting Create list of required st... nodes for the current kernel...
[   46.398030] systemd[1]: Mounting Debug File System...
[   46.510309] random: nonblocking pool is initialized
         Mounting Debug File System...
[   46.542302] systemd[1]: Created slice system-serial\x2dgetty.slice.
[[0;32m  OK  [0m] Created slice system-serial\x2dgetty.slice.
[   46.559893] systemd[1]: Starting Load Kernel Modules...
         [   46.698245] Loading iSCSI transport class v2.0-870.
Starting Load Kernel Modules...[   46.933722] iscsi: registered transport (tcp)

[   47.110628] systemd[1]: Reached target Slices.
[[0;32m  OK  [0m] Reached target Slices.
[   47.282486] iscsi: registered transport (iser)
[   47.410432] systemd[1]: Starting Set console keymap...
         Starting Set console keymap...
[   47.617954] systemd[1]: Mounting Huge Pages File System...
         Mounting Huge Pages File System...
[   47.738131] systemd[1]: Starting Journal Service...
         Starting Journal Service...
[   47.906060] systemd[1]: Starting Nameserver information manager...
         Starting Nameserver information manager...
[   48.110936] systemd[1]: Starting Remount Root and Kernel File Systems...
[   48.116040] EXT4-fs (sda1): re-mounted. Opts: (null)
         Starting Remount Root and Kernel File Systems...
[   48.494165] systemd[1]: Mounting POSIX Message Queue File System...
         Mounting POSIX Message Queue File System...
[   48.713970] systemd[1]: Starting Uncomplicated firewall...
         Starting Uncomplicated firewall...
[   48.750437] systedd11]: Listening on udev Control Socket.
[[0;32m  OK  [0m] Listening on udev Control Socket.
[   49.002804] systemd[1]: Listening on Device-mapper event daemon FIFOs.
[[0;32m  OK  [0m] Listening on Device-mapper event daemon FIFOs.
[   49.354055] systemd[1]: Starting Monitoring of LVM2 mirrors, snapshots etc. using dmeventd or progress polling...
         Starting Monitoring of LVM2 mirrors... dmeventd or progress polling...
[   49.500423] systemd[1]: Mounted Debug File System.
[[0;32m  OK  [0m] Mounted Debug File System.
[   49.598299] systemd[1]: Mounted Huge Pages File System.
[[0;32m  OK  [0m] Mounted Huge Pages File System.
[   49.802053] systemd[1]: Mounted POSIX Message Queue File System.
[[0;32m  OK  [0m] Mounted POSIX Message Queue File System.
[   49.946504] systemd[1]: Started Journal Service.
[[0;32m  OK  [0m] Started Journal Service.
[[0;32m  OK  [0m] Started Create list of required sta...ce nodes for the current kernel.
[[0;32m  OK  [0m] Started Load Kernel Modules.
[[0;32m  OK  [0m] Started Set console keymap.
[[0;32m  OK  [0m] Started Remount Root and Kernel File Systems.
[[0;32m  OK  [0m] Started Uncomplicated firewall.
[[0;32m  OK  [0m] Started Nameserver information manager.
[[0;32m  OK  [0m] Started LVM2 metadata daemon.
         Starting Initial cloud-init job (pre-networking)...
         Starting udev Coldplug all Devices...
         Starting Load/Save Random Seed...
         Mounting FUSE Control File System...
         Starting Apply Kernel Variables...
         Starting Create Static Device Nodes in /dev...
         Starting Flush Journal to Persistent Storage...
[[0;32m  OK  [0m] Mounted FUSE Control File System.
[[0;32m  OK  [0m] Started Monitoring of LVM2 mirrors,...ng dmeventd or progress polling.
[[0;32m  OK  [0m] Started Load/Save Random Seed.
[[0;32m  OK  [0m] Started Apply Kernel Variables.
[[0;32m  OK  [0m] Started Create Static Device Nodes in /dev.
[[0;32m  OK  [0m] Started udev Coldplug all Devices.
[[0;32m  OK  [0m] Started Flush Journal to Persistent Storage.
         Starting udev Kernel Device Manager...
[   32.441636] cloud-init[442]: Cloud-init v. 0.7.9 running 'init-local' at Tue, 28 Mar 2017 18:52:55 +0000. Up 32.27 seconds.
[[0;32m  OK  [0m] Started udev Kernel Device Manager.
[[0;32m  OK  [0m] Started Initial cloud-init job (pre-networking).
[[0;32m  OK  [0m] Found device /dev/ttyS0.
[[0;32m  OK  [0m] Reached target Network (Pre).
[[0;32m  OK  [0m] Started Dispatch Password Requests to Console Directory Watch.
[[0;32m  OK  [0m] Reached target Local File Systems (Pre).
[[0;32m  OK  [0m] Reached target Local File Systems.
         Starting Tell Plymouth To Write Out Runtime Data...
         Starting Commit a transient machine-id on disk...
         Starting Set console font and keymap...
         Starting Create Volatile Files and Directories...
         Starting LSB: AppArmor initialization...
[[0;32m  OK  [0m] Started Tell Plymouth To Write Out Runtime Data.
[[0;32m  OK  [0m] Started Commit a transient machine-id on disk.
[[0;32m  OK  [0m] Started Set console font and keymap.
[[0;32m  OK  [0m] Started Create Volatile Files and Directories.
[[0;32m  OK  [0m] Listening on Load/Save RF Kill Switch Status /dev/rfkill Watch.
[[0;32m  OK  [0m] Reached target System Time Synchronized.
         Starting Update UTMP about System Boot/Shutdown...
[[0;32m  OK  [0m] Created slice system-getty.slice.
[[0;32m  OK  [0m] Started Update UTMP about System Boot/Shutdown.
[[0;32m  OK  [0m] Started LSB: AppArmor initialization.
[[0;32m  OK  [0m] Started ifup for enp0s3.
         Starting Raise network interfaces...
[[0;32m  OK  [0m] Started Raise network interfaces.
         Starting Initial cloud-init job (metadata service crawler)...
[[0;32m  OK  [0m] Reached target Network.
[   36.273902] cloud-init[961]: Cloud-init v. 0.7.9 running 'init' at Tue, 28 Mar 2017 18:52:58 +0000. Up 35.90 seconds.
[   36.384693] [cloud-init[0;32m  OK  [0m[961]: ] ci-info: ++++++++++++++++++++++++++++++++++++++Net device info++++++++++++++++++++++++++++++++++++++Started Initial cloud-init job (metadata service crawler).

[   36.385157] cloud-init[961]: ci-info: +--------+-------+----------------------------+---------------+-------+-------------------+
[   36.620728] [cloud-init[0;32m  OK  [0m[961]: ] ci-info: | Device |   Up  |          Address           |      Mask     | Scope |     Hw-Address    |Reached target Network is Online.

[   36.621097] cloud-init[961]: ci-info: +--------+-------+----------------------------+---------------+-------+-------------------+
[   36.800639]          cloud-initStarting iSCSI initiator daemon (iscsid)...[961]: 
ci-info: | enp0s8 | False |             .              |       .       |   .   | 08:00:27:11:e2:eb |
[   36.933337] [cloud-init[0;32m  OK  [0m[961]: ] ci-info: |   lo   |  True |         127.0.0.1          |   255.0.0.0   |   .   |         .         |Reached target Cloud-config availability.

[[0;32m  OK  [0m] Reached target System Initialization.
[   36.934117] cloud-init[961]: ci-info: |   lo   |  True |          ::1/128           |       .       |  host |         .         |
[   37.203376] [cloud-init[0;32m  OK  [0m[961]: ] ci-info: | enp0s3 |  True |         10.0.2.15          | 255.255.255.0 |   .   | 02:c3:5d:84:7e:20 |Started Daily apt activities.

[   37.203919]          Starting LXD - unix socket.
[[0;32m  OK  [0m] Listening on UUID daemon activation socket.
[[0;32m  OK  [0m] cloud-initStarted ACPI Events Check.[961]: 
ci-info: | enp0s3 |  True | fe80::c3:5dff:fe84:7e20/64 |       .       |  link | 02:c3:5d:84:7e:20 |
[   37.548675] cloud-init[961]: ci-info: +--------+-------+----------------------------+---------------+-------+-------------------+
[[0;32m  OK  [0m] Started Daily Cleanup of Temporary Directories.
[[0;32m  OK  [0m] Listening on D-Bus System Message Bus Socket.
[[0;32m  OK  [0m] Listening on ACPID Listen Socket.
[   37.549154] cloud-init[961]: ci-info: +++++++++++++++++++++++++++Route IPv4 info++++++++++++++++++++++++++++
[   37.856647] [cloud-init[0;32m  OK  [0m[961]: ] ci-info: +-------+-------------+----------+---------------+-----------+-------+Started Timer to automatically refresh installed snaps.

[[0;32m  OK  [0m] Reached target Timers.
[   37.857164] cloud-init[961]: ci-info: | Route | Destination | Gateway  |    Genmask    | Interface | Flags |
[   38.117036]          cloud-initStarting Socket activation for snappy daemon.[961]: 
ci-info: +-------+-------------+----------+---------------+-----------+-------+
[   38.240842] [cloud-init[0;32m  OK  [0m[961]: ] ci-info: |   0   |   0.0.0.0   | 10.0.2.2 |    0.0.0.0    |   enp0s3  |   UG  |Started Trigger resolvconf update for networkd DNS.

[[0;32m  OK  [0m] Reached target Paths.
[   38.241592] cloud-init[961]: ci-info: |   1   |   10.0.2.0  | 0.0.0.0  | 255.255.255.0 |   enp0s3  |   U   |
[   38.480439] [cloud-init[0;32m  OK  [0m[961]: ] ci-info: +-------+-------------+----------+---------------+-----------+-------+Listening on LXD - unix socket.

[   38.481256] [cloud-init[0;32m  OK  [0m[961]: ] Generating public/private rsa key pair.Listening on Socket activation for snappy daemon.

[   38.680848] [cloud-init[0;32m  OK  [0m[961]: ] Your identification has been saved in /etc/ssh/ssh_host_rsa_key.Started iSCSI initiator daemon (iscsid).

[   38.681366] cloud-init[961]: Your public key has been saved in /etc/ssh/ssh_host_rsa_key.pub.
[   38.840275]          cloud-initStarting Login to default iSCSI targets...[961]: 
The key fingerprint is:
[[0;32m  OK  [0m] Reached target Sockets.
[[0;32m  OK  [0m] Reached target Basic System.
[   38.840786] cloud-init[961]: SHA256:K/9bvHlySEYG9OT32MpNLXbOh71IkG4ZG6IEvsMzqdk root@ubuntu-xenial
[   39.044666]          cloud-initStarting /etc/rc.local Compatibility...[961]: 
The key's randomart image is:
[   39.118493]          Starting Pollinate to seed the pseudo random number generator...
cloud-init[961]: +---[RSA 2048]----+
[   39.120014] cloud-init[961]: |         .. .    |
[   39.121035] cloud-init[961]: |          .+     |
[   39.144238] [cloud-init[0;32m  OK  [0m[961]: ] |     .     .o .  |Started D-Bus System Message Bus.

[   39.144640] cloud-init[961]: |    . .     +. +.|
[   39.232812]          cloud-initStarting LSB: Record successful boot for GRUB...[961]: 
|     . .S. B  + *|
[   39.312241] [cloud-init[0;32m  OK  [0m[961]: ] |    . + ..o.Oo @ |Started Deferred execution scheduler.

[   39.312767] cloud-init[961]: |     B...  Boo+ *|
[   39.440443]          cloud-initStarting Apply the settings specified in cloud-config...[961]: 
|    + +o  ..+o+ o|
[   39.548547]          cloud-initStarting System Logging Service...[961]: 
|   o E  ..o.o= . |
[   39.621193] [cloud-init[0;32m  OK  [0m[961]: ] +----[SHA256]-----+Started FUSE filesystem for LXC.

[   39.621683] cloud-init[961]: Generating public/private dsa key pair.
[   39.724262] [cloud-init[0;32m  OK  [0m[961]: ] Your identification has been saved in /etc/ssh/ssh_host_dsa_key.Started Snappy daemon.

[   39.724667] cloud-init[961]: Your public key has been saved in /etc/ssh/ssh_host_dsa_key.pub.
[[0;32m  OK  [0m] Started ACPI event daemon.
[   39.836315] cloud-init[961]: The key fingerprint is:
         Starting Accounts Service...
[   39.904373] cloud-init[961]: SHA256:ok3oLT3BTo8Fqk5WDPRo6ziQamX09OnKPhcKKJ92hmk root@ubuntu-xenial
[   39.996531]          cloud-initStarting Auto import assertions from block devices...[961]: 
The key's randomart image is:
[   40.064258] [cloud-init[0;32m  OK  [0m[961]: ] +---[DSA 1024]----+Started Regular background program processing daemon.

[   40.064586] cloud-init[961]: |  .              |
[   40.178670]          cloud-initStarting LSB: MD monitoring daemon...[961]: 
| . o             |
[   40.245319]          cloud-initStarting Login Service...[961]: 
|  +....          |
         Starting LXD - container startup/shutdown...
[[0;32m  OK  [0m] Started System Logging Service.
[[0;32m  OK  [0m] Started /etc/rc.local Compatibility.
[[0;32m  OK  [0m] Started Pollinate to seed the pseudo random number generator.
[   40.302452] cloud-init[961]: | o.+o+...        |
[   40.488554] cloud-init[961]: |o oo=.*oS        |
[[0;32m  OK  [0m] Started Auto import assertions from block devices.
[[0;32m  OK  [0m] Started LXD - container startup/shutdown.
[   40.528278] cloud-init[961]: |++o= O.B         |
[   40.628540] cloud-init[961]: |=o=+= O.o        |
[   40.656889] cloud-init[961]: |.=E ++.o         |
[   40.692466] cloud-init[961]: | o.o.+o          |
[[   40.729544] cloud-init[961]: +----[SHA256]-----+
[   40.729953] cloud-init[961]: Generating public/private ecdsa key pair.
[0;32m  OK  [0m] Started Login to default iSCSI targets.
[   40.730239] cloud-init[961]: Your identification has been saved in /etc/ssh/ssh_host_ecdsa_key.
[   40.840545] cloud-init[961]: Your public key has been saved in /etc/ssh/ssh_host_ecdsa_key.pub.
[   40.840832] cloud-init[961]: The key fingerprint is:
[[0;32m  OK  [0m] Started LSB: Record successful boot for GRUB.
[   40.840965] cloud-init[961]: SHA256:mx/yJWBsqf1oJUR1zvYsMUcOHBOMnrZter5q/9Zjcyg root@ubuntu-xenial
[[   41.016453] cloud-init[961]: The key's randomart image is:
[   41.017082] cloud-init[961]: +---[ECDSA 256]---+
[   41.017248] cloud-init[961]: |         ..+*o.  |
[   41.017283] cloud-init[961]: |        . .+o=   |
[0;32m  OK  [0m] Started LSB: MD monitoring daemon.
[   41.017347] cloud-init[961]: |       . . .* o  |
[   41.180839] cloud-init[961]: |       ...+. *   |
         Starting Authenticate and Authorize Users to Run Privileged Tasks...
[[0;32m  OK  [0m] Reached target Remote File Systems (Pre).
[   41.219573] cloud-init[961]: |       .S. o. o  |
[   41.308687] cloud-init[961]: |       =.+o o.   |
[[0;32m  OK  [0m] Reached target Remote File Systems.
[   41.308785] cloud-init[961]: |      . =ooo.  o |
[   41.432807] cloud-init[961]: |        .*o+E o+o|
[   41.433069] cloud-init[961]: |       ...==+=o +|
         Starting LSB: daemon to balance interrupts for SMP systems...
[   41.433186] cloud-init[961]: +----[SHA256]-----+
[   41.538743] cloud-init[961]: Generating public/private ed25519 key pair.
[   41.539035] cloud-init[961]: Your identification has been saved in /etc/ssh/ssh_host_ed25519_key.
         [   41.539163] Starting LSB: automatic crash report generation...cloud-init
[961]: Your public key has been saved in /etc/ssh/ssh_host_ed25519_key.pub.
[   41.539205] cloud-init[961]: The key fingerprint is:
[   41.688332] cloud-init[961]: SHA256:nmxp4cutjZN+/NL1CRv2cvarpLcfjY4TyYtTVAcgWmw root@ubuntu-xenial
[   41.688636] cloud-init[961]: The key's randomart image is:
         Starting LSB: VirtualBox Linux Additions...
[   41.688744] cloud-init[961]: +--[ED25519 256]--+
[   41.804315] cloud-init[961]: |         .o .... |
         Starting LSB: Set the CPU Frequency Scaling governor to "ondemand"...
[   41.804537] cloud-init[961]: |         oE.  . .|
[   41.924432] cloud-init[961]: |        ..   . . |
[   41.924670] cloud-init[961]: |            .    |
         Starting Permit User Sessions...
[[   41.924802] cloud-init[961]: |        S  o .   |
[   41.936924] cloud-init[961]: |       + +  =+...|
[   41.936991] cloud-init[961]: |        Oo +.=*oo|
[   41.937101] cloud-init[961]: |       +o=* ** =o|
[0;32m  OK  [0m] Stopped OpenBSD Secure Shell server.
[   41.937485] cloud-init[961]: |       .*+o=++Oo+|
[   42.092360] cloud-init[961]: +----[SHA256]-----+
         Starting OpenBSD Secure Shell server...
[   42.095978] cloud-init[1109]: Generating locales (this might take a while)...
[   42.144608] cloud-init[1109]:   en_US.UTF-8... done
[   42.144748] cloud-init[1109]: Generation complete.
[[0;32m  OK  [0m] Started OpenBSD Secure Shell server.
[[0;32m  OK  [0m] Started Permit User Sessions.
[[0;32m  OK  [0m] Started Login Service.
[[0;32m  OK  [0m] Started Authenticate and Authorize Users to Run Privileged Tasks.
[[0;32m  OK  [0m] Started Accounts Service.
[[0;32m  OK  [0m] Created slice User Slice of ubuntu.
[   42.474266] cloud-init[1109]: Cloud-init v. 0.7.9 running 'modules:config' at Tue, 28 Mar 2017 18:53:02 +0000. Up 39.63 seconds.
         Starting User Manager for UID 1000...
         Starting Terminate Plymouth Boot Screen...
         Starting Hold until boot process finishes up...
[[0;32m  OK  [0m] Started User Manager for UID 1000.
[[0;32m  OK  [0m] Started Apply the settings specified in cloud-config.
[[0;32m  OK  [0m] Started LSB: daemon to balance interrupts for SMP systems.
[[0;32m  OK  [0m] Started LSB: automatic crash report generation.
[[0;32m  OK  [0m] Started LSB: VirtualBox Linux Additions.
[[0;32m  OK  [0m] Started LSB: Set the CPU Frequency Scaling governor to "ondemand".
[[0;32m  OK  [0m] Started Terminate Plymouth Boot Screen.
[[0;32m  OK  [0m] Started Hold until boot process finishes up.
[[0;32m  OK  [0m] Started Session 1 of user ubuntu.
[[0;32m  OK  [0m] Started Serial Getty on ttyS0.
         Starting Set console scheme...
[[0;32m  OK  [0m] Started Getty on tty1.
[[0;32m  OK  [0m] Reached target Login Prompts.
[[0;32m  OK  [0m] Reached target Multi-User System.
[[0;32m  OK  [0m] Reached target Graphical Interface.
         Starting Update UTMP about System Runlevel Changes...
         Starting Execute cloud user/final scripts...
[[0;32m  OK  [0m] Started Set console scheme.
[[0;32m  OK  [0m] Started Update UTMP about System Runlevel Changes.
ci-info: no authorized ssh keys fingerprints found for user ubuntu.
<14>Mar 28 18:53:06 ec2: 
<14>Mar 28 18:53:06 ec2: #############################################################
<14>Mar 28 18:53:06 ec2: -----BEGIN SSH HOST KEY FINGERPRINTS-----
<14>Mar 28 18:53:06 ec2: 1024 SHA256:ok3oLT3BTo8Fqk5WDPRo6ziQamX09OnKPhcKKJ92hmk root@ubuntu-xenial (DSA)
<14>Mar 28 18:53:06 ec2: 256 SHA256:mx/yJWBsqf1oJUR1zvYsMUcOHBOMnrZter5q/9Zjcyg root@ubuntu-xenial (ECDSA)
<14>Mar 28 18:53:06 ec2: 256 SHA256:nmxp4cutjZN+/NL1CRv2cvarpLcfjY4TyYtTVAcgWmw root@ubuntu-xenial (ED25519)
<14>Mar 28 18:53:06 ec2: 2048 SHA256:K/9bvHlySEYG9OT32MpNLXbOh71IkG4ZG6IEvsMzqdk root@ubuntu-xenial (RSA)
<14>Mar 28 18:53:06 ec2: -----END SSH HOST KEY FINGERPRINTS-----
<14>Mar 28 18:53:06 ec2: #############################################################
-----BEGIN SSH HOST KEY KEYS-----
ecdsa-sha2-nistp256 AAAAE2VjZHNhLXNoYTItbmlzdHAyNTYAAAAIbmlzdHAyNTYAAABBBPlzwLft1q5AmaT5DK/NUWQRaxaFQnEDFR9fkzQdqRlWceIt7XVtuNx5M+Fx31OmMAuUivSJFpJOulUe5GY0yZc= root@ubuntu-xenial
ssh-ed25519 AAAAC3NzaC1lZDI1NTE5AAAAIF4QDQExP7rvHiglwK7pc6is/bbgDD8e/Ud30RtxwVro root@ubuntu-xenial
ssh-rsa AAAAB3NzaC1yc2EAAAADAQABAAABAQDgwkg5n0PWpEMlOqF9WCoD2OF4flNcxy4L/8V31yAjGIa0aA6x+LklWdbJLtfXHOyALRoE+a2xVXMPEElkEpmFp/p2bRC+GL/D1pDKwOC9AAWUMOAIEuHcubnGQ/eqIJHCQEqgjXEKZ6iqmw/F8q5L948MVLj1rufqFHQz6fMJJAE3TwBg+Apq3WfWYWt5w5W+XOGLXbh8utxwCDD6NnJkYQTIuj6W2D62t8ljDiO8B15R4udMQXfwan2EMIjw7cEpK9xGPY/A9rQ86hjH0qWhq/3zYc6R5OfJtRpaBCo8lqLu+b/XA7Awf7nEoHYPUhiyYYMjZg1DrTJIwnT3WZNr root@ubuntu-xenial
-----END SSH HOST KEY KEYS-----
[[0;32m  OK  [0m] Started Session 2 of user ubuntu.
[   44.929213] cloud-init[1380]: Cloud-init v. 0.7.9 running 'modules:final' at Tue, 28 Mar 2017 18:53:06 +0000. Up 43.81 seconds.
[   45.057060] [cloud-init[0;32m  OK  [0m[1380]: ] ci-info: no authorized ssh keys fingerprints found for user ubuntu.Started Execute cloud user/final scripts.

[   45.058442] cloud-init[1380]: Cloud-init v. 0.7.9 finished at Tue, 28 Mar 2017 18:53:07 +0000. Datasource DataSourceNoCloud [seed=/dev/sdb][dsmode=net].  Up 44.91 seconds
[[0;32m  OK  [0m] Reached target Cloud-init target.

Ubuntu 16.04.2 LTS scotchbox ttyS0

scotchbox login: 